Archive member included to satisfy reference by file (symbol)

/opt/st/stm32cubeide_1.0.2/plugins/com.st.stm32cube.ide.mcu.externaltools.gnu-tools-for-stm32.7-2018-q2-update.linux64_1.5.0.202011040924/tools/bin/../lib/gcc/arm-none-eabi/7.3.1/../../../../arm-none-eabi/lib/thumb/v6-m/libc_nano.a(lib_a-errno.o)
                              Core/Src/syscalls.o (__errno)
/opt/st/stm32cubeide_1.0.2/plugins/com.st.stm32cube.ide.mcu.externaltools.gnu-tools-for-stm32.7-2018-q2-update.linux64_1.5.0.202011040924/tools/bin/../lib/gcc/arm-none-eabi/7.3.1/../../../../arm-none-eabi/lib/thumb/v6-m/libc_nano.a(lib_a-exit.o)
                              /opt/st/stm32cubeide_1.0.2/plugins/com.st.stm32cube.ide.mcu.externaltools.gnu-tools-for-stm32.7-2018-q2-update.linux64_1.5.0.202011040924/tools/bin/../lib/gcc/arm-none-eabi/7.3.1/../../../../arm-none-eabi/lib/thumb/v6-m/crt0.o (exit)
/opt/st/stm32cubeide_1.0.2/plugins/com.st.stm32cube.ide.mcu.externaltools.gnu-tools-for-stm32.7-2018-q2-update.linux64_1.5.0.202011040924/tools/bin/../lib/gcc/arm-none-eabi/7.3.1/../../../../arm-none-eabi/lib/thumb/v6-m/libc_nano.a(lib_a-impure.o)
                              /opt/st/stm32cubeide_1.0.2/plugins/com.st.stm32cube.ide.mcu.externaltools.gnu-tools-for-stm32.7-2018-q2-update.linux64_1.5.0.202011040924/tools/bin/../lib/gcc/arm-none-eabi/7.3.1/../../../../arm-none-eabi/lib/thumb/v6-m/libc_nano.a(lib_a-exit.o) (_global_impure_ptr)
/opt/st/stm32cubeide_1.0.2/plugins/com.st.stm32cube.ide.mcu.externaltools.gnu-tools-for-stm32.7-2018-q2-update.linux64_1.5.0.202011040924/tools/bin/../lib/gcc/arm-none-eabi/7.3.1/../../../../arm-none-eabi/lib/thumb/v6-m/libc_nano.a(lib_a-init.o)
                              /opt/st/stm32cubeide_1.0.2/plugins/com.st.stm32cube.ide.mcu.externaltools.gnu-tools-for-stm32.7-2018-q2-update.linux64_1.5.0.202011040924/tools/bin/../lib/gcc/arm-none-eabi/7.3.1/../../../../arm-none-eabi/lib/thumb/v6-m/crt0.o (__libc_init_array)
/opt/st/stm32cubeide_1.0.2/plugins/com.st.stm32cube.ide.mcu.externaltools.gnu-tools-for-stm32.7-2018-q2-update.linux64_1.5.0.202011040924/tools/bin/../lib/gcc/arm-none-eabi/7.3.1/../../../../arm-none-eabi/lib/thumb/v6-m/libc_nano.a(lib_a-memcpy-stub.o)
                              Drivers/STM32F0xx_HAL_Driver/Src/stm32f0xx_hal_rcc.o (memcpy)
/opt/st/stm32cubeide_1.0.2/plugins/com.st.stm32cube.ide.mcu.externaltools.gnu-tools-for-stm32.7-2018-q2-update.linux64_1.5.0.202011040924/tools/bin/../lib/gcc/arm-none-eabi/7.3.1/../../../../arm-none-eabi/lib/thumb/v6-m/libc_nano.a(lib_a-memset.o)
                              /opt/st/stm32cubeide_1.0.2/plugins/com.st.stm32cube.ide.mcu.externaltools.gnu-tools-for-stm32.7-2018-q2-update.linux64_1.5.0.202011040924/tools/bin/../lib/gcc/arm-none-eabi/7.3.1/../../../../arm-none-eabi/lib/thumb/v6-m/crt0.o (memset)
/opt/st/stm32cubeide_1.0.2/plugins/com.st.stm32cube.ide.mcu.externaltools.gnu-tools-for-stm32.7-2018-q2-update.linux64_1.5.0.202011040924/tools/bin/../lib/gcc/arm-none-eabi/7.3.1/../../../../arm-none-eabi/lib/thumb/v6-m/libc_nano.a(lib_a-strlen.o)
                              Core/Src/main.o (strlen)
/opt/st/stm32cubeide_1.0.2/plugins/com.st.stm32cube.ide.mcu.externaltools.gnu-tools-for-stm32.7-2018-q2-update.linux64_1.5.0.202011040924/tools/bin/../lib/gcc/arm-none-eabi/7.3.1/thumb/v6-m/libgcc.a(_thumb1_case_sqi.o)
                              Drivers/STM32F0xx_HAL_Driver/Src/stm32f0xx_hal_uart.o (__gnu_thumb1_case_sqi)
/opt/st/stm32cubeide_1.0.2/plugins/com.st.stm32cube.ide.mcu.externaltools.gnu-tools-for-stm32.7-2018-q2-update.linux64_1.5.0.202011040924/tools/bin/../lib/gcc/arm-none-eabi/7.3.1/thumb/v6-m/libgcc.a(_thumb1_case_uqi.o)
                              Core/Src/main.o (__gnu_thumb1_case_uqi)
/opt/st/stm32cubeide_1.0.2/plugins/com.st.stm32cube.ide.mcu.externaltools.gnu-tools-for-stm32.7-2018-q2-update.linux64_1.5.0.202011040924/tools/bin/../lib/gcc/arm-none-eabi/7.3.1/thumb/v6-m/libgcc.a(_udivsi3.o)
                              Core/Src/stm32f0xx_hal_timebase_tim.o (__aeabi_uidiv)
/opt/st/stm32cubeide_1.0.2/plugins/com.st.stm32cube.ide.mcu.externaltools.gnu-tools-for-stm32.7-2018-q2-update.linux64_1.5.0.202011040924/tools/bin/../lib/gcc/arm-none-eabi/7.3.1/thumb/v6-m/libgcc.a(_divsi3.o)
                              Core/Src/system_stm32f0xx.o (__aeabi_idiv)
/opt/st/stm32cubeide_1.0.2/plugins/com.st.stm32cube.ide.mcu.externaltools.gnu-tools-for-stm32.7-2018-q2-update.linux64_1.5.0.202011040924/tools/bin/../lib/gcc/arm-none-eabi/7.3.1/thumb/v6-m/libgcc.a(_dvmd_tls.o)
                              /opt/st/stm32cubeide_1.0.2/plugins/com.st.stm32cube.ide.mcu.externaltools.gnu-tools-for-stm32.7-2018-q2-update.linux64_1.5.0.202011040924/tools/bin/../lib/gcc/arm-none-eabi/7.3.1/thumb/v6-m/libgcc.a(_udivsi3.o) (__aeabi_idiv0)
/opt/st/stm32cubeide_1.0.2/plugins/com.st.stm32cube.ide.mcu.externaltools.gnu-tools-for-stm32.7-2018-q2-update.linux64_1.5.0.202011040924/tools/bin/../lib/gcc/arm-none-eabi/7.3.1/thumb/v6-m/libgcc.a(_lshrdi3.o)
[...]
Memory Configuration

Name             Origin             Length             Attributes
RAM              0x0000000020000000 0x0000000000001800 xrw
FLASH            0x0000000008000000 0x0000000000008000 xr
*default*        0x0000000000000000 0xffffffffffffffff

Linker script and memory map

LOAD /opt/st/stm32cubeide_1.0.2/plugins/com.st.stm32cube.ide.mcu.externaltools.gnu-tools-for-stm32.7-2018-q2-update.linux64_1.5.0.202011040924/tools/bin/../lib/gcc/arm-none-eabi/7.3.1/thumb/v6-m/crti.o
LOAD /opt/st/stm32cubeide_1.0.2/plugins/com.st.stm32cube.ide.mcu.externaltools.gnu-tools-for-stm32.7-2018-q2-update.linux64_1.5.0.202011040924/tools/bin/../lib/gcc/arm-none-eabi/7.3.1/thumb/v6-m/crtbegin.o
LOAD /opt/st/stm32cubeide_1.0.2/plugins/com.st.stm32cube.ide.mcu.externaltools.gnu-tools-for-stm32.7-2018-q2-update.linux64_1.5.0.202011040924/tools/bin/../lib/gcc/arm-none-eabi/7.3.1/../../../../arm-none-eabi/lib/thumb/v6-m/crt0.o
LOAD Core/Src/adc.o
LOAD Core/Src/gpio.o
LOAD Core/Src/main.o
LOAD Core/Src/stm32f0xx_hal_msp.o
LOAD Core/Src/stm32f0xx_hal_timebase_tim.o
LOAD Core/Src/stm32f0xx_it.o
LOAD Core/Src/syscalls.o
LOAD Core/Src/sysmem.o
LOAD Core/Src/system_stm32f0xx.o
LOAD Core/Src/tim.o
LOAD Core/Src/usart.o
LOAD Core/Startup/startup_stm32f042c6tx.o
LOAD Drivers/STM32F0xx_HAL_Driver/Src/stm32f0xx_hal.o
LOAD Drivers/STM32F0xx_HAL_Driver/Src/stm32f0xx_hal_adc.o
LOAD Drivers/STM32F0xx_HAL_Driver/Src/stm32f0xx_hal_adc_ex.o
LOAD Drivers/STM32F0xx_HAL_Driver/Src/stm32f0xx_hal_cortex.o
LOAD Drivers/STM32F0xx_HAL_Driver/Src/stm32f0xx_hal_dma.o
LOAD Drivers/STM32F0xx_HAL_Driver/Src/stm32f0xx_hal_exti.o
LOAD Drivers/STM32F0xx_HAL_Driver/Src/stm32f0xx_hal_flash.o
LOAD Drivers/STM32F0xx_HAL_Driver/Src/stm32f0xx_hal_flash_ex.o
LOAD Drivers/STM32F0xx_HAL_Driver/Src/stm32f0xx_hal_gpio.o
LOAD Drivers/STM32F0xx_HAL_Driver/Src/stm32f0xx_hal_i2c.o
LOAD Drivers/STM32F0xx_HAL_Driver/Src/stm32f0xx_hal_i2c_ex.o
LOAD Drivers/STM32F0xx_HAL_Driver/Src/stm32f0xx_hal_pwr.o
LOAD Drivers/STM32F0xx_HAL_Driver/Src/stm32f0xx_hal_pwr_ex.o
LOAD Drivers/STM32F0xx_HAL_Driver/Src/stm32f0xx_hal_rcc.o
LOAD Drivers/STM32F0xx_HAL_Driver/Src/stm32f0xx_hal_rcc_ex.o
LOAD Drivers/STM32F0xx_HAL_Driver/Src/stm32f0xx_hal_tim.o
LOAD Drivers/STM32F0xx_HAL_Driver/Src/stm32f0xx_hal_tim_ex.o
LOAD Drivers/STM32F0xx_HAL_Driver/Src/stm32f0xx_hal_uart.o
LOAD Drivers/STM32F0xx_HAL_Driver/Src/stm32f0xx_hal_uart_ex.o
START GROUP
LOAD /opt/st/stm32cubeide_1.0.2/plugins/com.st.stm32cube.ide.mcu.externaltools.gnu-tools-for-stm32.7-2018-q2-update.linux64_1.5.0.202011040924/tools/bin/../lib/gcc/arm-none-eabi/7.3.1/../../../../arm-none-eabi/lib/thumb/v6-m/libc_nano.a
LOAD /opt/st/stm32cubeide_1.0.2/plugins/com.st.stm32cube.ide.mcu.externaltools.gnu-tools-for-stm32.7-2018-q2-update.linux64_1.5.0.202011040924/tools/bin/../lib/gcc/arm-none-eabi/7.3.1/../../../../arm-none-eabi/lib/thumb/v6-m/libm.a
END GROUP
START GROUP
LOAD /opt/st/stm32cubeide_1.0.2/plugins/com.st.stm32cube.ide.mcu.externaltools.gnu-tools-for-stm32.7-2018-q2-update.linux64_1.5.0.202011040924/tools/bin/../lib/gcc/arm-none-eabi/7.3.1/thumb/v6-m/libgcc.a
LOAD /opt/st/stm32cubeide_1.0.2/plugins/com.st.stm32cube.ide.mcu.externaltools.gnu-tools-for-stm32.7-2018-q2-update.linux64_1.5.0.202011040924/tools/bin/../lib/gcc/arm-none-eabi/7.3.1/../../../../arm-none-eabi/lib/thumb/v6-m/libc_nano.a
END GROUP
START GROUP
LOAD /opt/st/stm32cubeide_1.0.2/plugins/com.st.stm32cube.ide.mcu.externaltools.gnu-tools-for-stm32.7-2018-q2-update.linux64_1.5.0.202011040924/tools/bin/../lib/gcc/arm-none-eabi/7.3.1/thumb/v6-m/libgcc.a
LOAD /opt/st/stm32cubeide_1.0.2/plugins/com.st.stm32cube.ide.mcu.externaltools.gnu-tools-for-stm32.7-2018-q2-update.linux64_1.5.0.202011040924/tools/bin/../lib/gcc/arm-none-eabi/7.3.1/../../../../arm-none-eabi/lib/thumb/v6-m/libc_nano.a
LOAD /opt/st/stm32cubeide_1.0.2/plugins/com.st.stm32cube.ide.mcu.externaltools.gnu-tools-for-stm32.7-2018-q2-update.linux64_1.5.0.202011040924/tools/bin/../lib/gcc/arm-none-eabi/7.3.1/../../../../arm-none-eabi/lib/thumb/v6-m/libnosys.a
END GROUP
START GROUP
LOAD /opt/st/stm32cubeide_1.0.2/plugins/com.st.stm32cube.ide.mcu.externaltools.gnu-tools-for-stm32.7-2018-q2-update.linux64_1.5.0.202011040924/tools/bin/../lib/gcc/arm-none-eabi/7.3.1/thumb/v6-m/libgcc.a
LOAD /opt/st/stm32cubeide_1.0.2/plugins/com.st.stm32cube.ide.mcu.externaltools.gnu-tools-for-stm32.7-2018-q2-update.linux64_1.5.0.202011040924/tools/bin/../lib/gcc/arm-none-eabi/7.3.1/../../../../arm-none-eabi/lib/thumb/v6-m/libc_nano.a
LOAD /opt/st/stm32cubeide_1.0.2/plugins/com.st.stm32cube.ide.mcu.externaltools.gnu-tools-for-stm32.7-2018-q2-update.linux64_1.5.0.202011040924/tools/bin/../lib/gcc/arm-none-eabi/7.3.1/../../../../arm-none-eabi/lib/thumb/v6-m/libnosys.a
END GROUP
LOAD /opt/st/stm32cubeide_1.0.2/plugins/com.st.stm32cube.ide.mcu.externaltools.gnu-tools-for-stm32.7-2018-q2-update.linux64_1.5.0.202011040924/tools/bin/../lib/gcc/arm-none-eabi/7.3.1/thumb/v6-m/crtend.o
LOAD /opt/st/stm32cubeide_1.0.2/plugins/com.st.stm32cube.ide.mcu.externaltools.gnu-tools-for-stm32.7-2018-q2-update.linux64_1.5.0.202011040924/tools/bin/../lib/gcc/arm-none-eabi/7.3.1/thumb/v6-m/crtn.o
                0x0000000020001800                _estack = (ORIGIN (RAM) + LENGTH (RAM))
                0x0000000000000200                _Min_Heap_Size = 0x200
                0x0000000000000400                _Min_Stack_Size = 0x400

.isr_vector     0x0000000008000000       0xc0
                0x0000000008000000                . = ALIGN (0x4)
 *(.isr_vector)
 .isr_vector    0x0000000008000000       0xc0 Core/Startup/startup_stm32f042c6tx.o
                0x0000000008000000                g_pfnVectors
                0x00000000080000c0                . = ALIGN (0x4)

.text           0x00000000080000c0     0x2514
                0x00000000080000c0                . = ALIGN (0x4)
 *(.text)
 .text          0x00000000080000c0       0x48 /opt/st/stm32cubeide_1.0.2/plugins/com.st.stm32cube.ide.mcu.externaltools.gnu-tools-for-stm32.7-2018-q2-update.linux64_1.5.0.202011040924/tools/bin/../lib/gcc/arm-none-eabi/7.3.1/thumb/v6-m/crtbegin.o
 .text          0x0000000008000108        0xe /opt/st/stm32cubeide_1.0.2/plugins/com.st.stm32cube.ide.mcu.externaltools.gnu-tools-for-stm32.7-2018-q2-update.linux64_1.5.0.202011040924/tools/bin/../lib/gcc/arm-none-eabi/7.3.1/../../../../arm-none-eabi/lib/thumb/v6-m/libc_nano.a(lib_a-strlen.o)
                0x0000000008000108                strlen
 *fill*         0x0000000008000116        0x2 
 .text          0x0000000008000118       0x14 /opt/st/stm32cubeide_1.0.2/plugins/com.st.stm32cube.ide.mcu.externaltools.gnu-tools-for-stm32.7-2018-q2-update.linux64_1.5.0.202011040924/tools/bin/../lib/gcc/arm-none-eabi/7.3.1/thumb/v6-m/libgcc.a(_thumb1_case_sqi.o)
                0x0000000008000118                __gnu_thumb1_case_sqi
 .text          0x000000000800012c       0x14 /opt/st/stm32cubeide_1.0.2/plugins/com.st.stm32cube.ide.mcu.externaltools.gnu-tools-for-stm32.7-2018-q2-update.linux64_1.5.0.202011040924/tools/bin/../lib/gcc/arm-none-eabi/7.3.1/thumb/v6-m/libgcc.a(_thumb1_case_uqi.o)
                0x000000000800012c                __gnu_thumb1_case_uqi
 .text          0x0000000008000140      0x114 /opt/st/stm32cubeide_1.0.2/plugins/com.st.stm32cube.ide.mcu.externaltools.gnu-tools-for-stm32.7-2018-q2-update.linux64_1.5.0.202011040924/tools/bin/../lib/gcc/arm-none-eabi/7.3.1/thumb/v6-m/libgcc.a(_udivsi3.o)
                0x0000000008000140                __udivsi3
                0x0000000008000140                __aeabi_uidiv
                0x000000000800024c                __aeabi_uidivmod
 .text          0x0000000008000254        0x4 /opt/st/stm32cubeide_1.0.2/plugins/com.st.stm32cube.ide.mcu.externaltools.gnu-tools-for-stm32.7-2018-q2-update.linux64_1.5.0.202011040924/tools/bin/../lib/gcc/arm-none-eabi/7.3.1/thumb/v6-m/libgcc.a(_dvmd_tls.o)
                0x0000000008000254                __aeabi_ldiv0
                0x0000000008000254                __aeabi_idiv0
 *(.text*)
 .text.MX_ADC_Init
                0x0000000008000258       0x88 Core/Src/adc.o
                0x0000000008000258                MX_ADC_Init
 .text.HAL_ADC_MspInit
                0x00000000080002e0       0x5c Core/Src/adc.o
                0x00000000080002e0                HAL_ADC_MspInit
 .text.MX_GPIO_Init
                0x000000000800033c      0x120 Core/Src/gpio.o
                0x000000000800033c                MX_GPIO_Init
 .text.send_string
                0x000000000800045c       0x1c Core/Src/main.o
                0x000000000800045c                send_string
 .text.HAL_UART_RxCpltCallback
                0x0000000008000478       0x80 Core/Src/main.o
                0x0000000008000478                HAL_UART_RxCpltCallback
 .text.SystemClock_Config
                0x00000000080004f8       0x6a Core/Src/main.o
                0x00000000080004f8                SystemClock_Config
 *fill*         0x0000000008000562        0x2 
 .text.startup.main
                0x0000000008000564       0x30 Core/Src/main.o
                0x0000000008000564                main
 .text.HAL_TIM_PeriodElapsedCallback
                0x0000000008000594       0x14 Core/Src/main.o
                0x0000000008000594                HAL_TIM_PeriodElapsedCallback
 .text.Error_Handler
                0x00000000080005a8        0x2 Core/Src/main.o
                0x00000000080005a8                Error_Handler
 *fill*         0x00000000080005aa        0x2 
 .text.HAL_MspInit
                0x00000000080005ac       0x30 Core/Src/stm32f0xx_hal_msp.o
                0x00000000080005ac                HAL_MspInit
 .text.HAL_InitTick
                0x00000000080005dc       0x7c Core/Src/stm32f0xx_hal_timebase_tim.o
                0x00000000080005dc                HAL_InitTick
 .text.NMI_Handler
                0x0000000008000658        0x2 Core/Src/stm32f0xx_it.o
                0x0000000008000658                NMI_Handler
 .text.HardFault_Handler
                0x000000000800065a        0x2 Core/Src/stm32f0xx_it.o
                0x000000000800065a                HardFault_Handler
 .text.SVC_Handler
                0x000000000800065c        0x2 Core/Src/stm32f0xx_it.o
                0x000000000800065c                SVC_Handler
 .text.PendSV_Handler
                0x000000000800065e        0x2 Core/Src/stm32f0xx_it.o
                0x000000000800065e                PendSV_Handler
 .text.SysTick_Handler
                0x0000000008000660        0x2 Core/Src/stm32f0xx_it.o
                0x0000000008000660                SysTick_Handler
 *fill*         0x0000000008000662        0x2 
 .text.TIM17_IRQHandler
                0x0000000008000664       0x10 Core/Src/stm32f0xx_it.o
                0x0000000008000664                TIM17_IRQHandler
 .text.USART1_IRQHandler
                0x0000000008000674       0x10 Core/Src/stm32f0xx_it.o
                0x0000000008000674                USART1_IRQHandler
 .text.SystemInit
                0x0000000008000684        0x2 Core/Src/system_stm32f0xx.o
                0x0000000008000684                SystemInit
 *fill*         0x0000000008000686        0x2 
 .text.HAL_TIM_Base_MspInit
                0x0000000008000688       0x28 Core/Src/tim.o
                0x0000000008000688                HAL_TIM_Base_MspInit
 .text.HAL_TIM_MspPostInit
                0x00000000080006b0       0x4c Core/Src/tim.o
                0x00000000080006b0                HAL_TIM_MspPostInit
 .text.MX_TIM2_Init
                0x00000000080006fc       0xac Core/Src/tim.o
                0x00000000080006fc                MX_TIM2_Init
 .text.MX_USART1_UART_Init
                0x00000000080007a8       0x3c Core/Src/usart.o
                0x00000000080007a8                MX_USART1_UART_Init
 .text.HAL_UART_MspInit
                0x00000000080007e4       0x78 Core/Src/usart.o
                0x00000000080007e4                HAL_UART_MspInit
 .text.Reset_Handler
                0x000000000800085c       0x80 Core/Startup/startup_stm32f042c6tx.o
                0x000000000800085c                Reset_Handler
 .text.Default_Handler
                0x00000000080008dc        0x2 Core/Startup/startup_stm32f042c6tx.o
                0x00000000080008dc                TIM1_CC_IRQHandler
                0x00000000080008dc                TSC_IRQHandler
                0x00000000080008dc                I2C1_IRQHandler
                0x00000000080008dc                RCC_CRS_IRQHandler
                0x00000000080008dc                SPI1_IRQHandler
                0x00000000080008dc                EXTI2_3_IRQHandler
                0x00000000080008dc                ADC1_IRQHandler
                0x00000000080008dc                CEC_CAN_IRQHandler
                0x00000000080008dc                RTC_IRQHandler
                0x00000000080008dc                PVD_VDDIO2_IRQHandler
                0x00000000080008dc                TIM16_IRQHandler
                0x00000000080008dc                TIM3_IRQHandler
                0x00000000080008dc                EXTI4_15_IRQHandler
                0x00000000080008dc                DMA1_Channel1_IRQHandler
                0x00000000080008dc                Default_Handler
                0x00000000080008dc                TIM14_IRQHandler
                0x00000000080008dc                DMA1_Channel4_5_IRQHandler
                0x00000000080008dc                EXTI0_1_IRQHandler
                0x00000000080008dc                USB_IRQHandler
                0x00000000080008dc                SPI2_IRQHandler
                0x00000000080008dc                WWDG_IRQHandler
                0x00000000080008dc                TIM2_IRQHandler
                0x00000000080008dc                DMA1_Channel2_3_IRQHandler
                0x00000000080008dc                USART2_IRQHandler
                0x00000000080008dc                FLASH_IRQHandler
                0x00000000080008dc                TIM1_BRK_UP_TRG_COM_IRQHandler
 *fill*         0x00000000080008de        0x2 
 .text.HAL_Init
                0x00000000080008e0       0x20 Drivers/STM32F0xx_HAL_Driver/Src/stm32f0xx_hal.o
                0x00000000080008e0                HAL_Init
 .text.HAL_IncTick
                0x0000000008000900       0x18 Drivers/STM32F0xx_HAL_Driver/Src/stm32f0xx_hal.o
                0x0000000008000900                HAL_IncTick
 .text.HAL_GetTick
                0x0000000008000918        0xc Drivers/STM32F0xx_HAL_Driver/Src/stm32f0xx_hal.o
                0x0000000008000918                HAL_GetTick
 .text.HAL_ADC_Init
                0x0000000008000924      0x14c Drivers/STM32F0xx_HAL_Driver/Src/stm32f0xx_hal_adc.o
                0x0000000008000924                HAL_ADC_Init
 .text.HAL_ADC_ConfigChannel
                0x0000000008000a70      0x100 Drivers/STM32F0xx_HAL_Driver/Src/stm32f0xx_hal_adc.o
                0x0000000008000a70                HAL_ADC_ConfigChannel
 .text.HAL_NVIC_SetPriority
                0x0000000008000b70       0x54 Drivers/STM32F0xx_HAL_Driver/Src/stm32f0xx_hal_cortex.o
                0x0000000008000b70                HAL_NVIC_SetPriority
 .text.HAL_NVIC_EnableIRQ
                0x0000000008000bc4       0x18 Drivers/STM32F0xx_HAL_Driver/Src/stm32f0xx_hal_cortex.o
                0x0000000008000bc4                HAL_NVIC_EnableIRQ
 .text.HAL_DMA_Abort
                0x0000000008000bdc       0x3c Drivers/STM32F0xx_HAL_Driver/Src/stm32f0xx_hal_dma.o
                0x0000000008000bdc                HAL_DMA_Abort
 .text.HAL_DMA_Abort_IT
                0x0000000008000c18       0x46 Drivers/STM32F0xx_HAL_Driver/Src/stm32f0xx_hal_dma.o
                0x0000000008000c18                HAL_DMA_Abort_IT
 *fill*         0x0000000008000c5e        0x2 
 .text.HAL_GPIO_Init
                0x0000000008000c60      0x15c Drivers/STM32F0xx_HAL_Driver/Src/stm32f0xx_hal_gpio.o
                0x0000000008000c60                HAL_GPIO_Init
 .text.HAL_GPIO_WritePin
                0x0000000008000dbc        0xc Drivers/STM32F0xx_HAL_Driver/Src/stm32f0xx_hal_gpio.o
                0x0000000008000dbc                HAL_GPIO_WritePin
 .text.HAL_RCC_OscConfig
                0x0000000008000dc8      0x4a0 Drivers/STM32F0xx_HAL_Driver/Src/stm32f0xx_hal_rcc.o
                0x0000000008000dc8                HAL_RCC_OscConfig
 .text.HAL_RCC_GetSysClockFreq
                0x0000000008001268       0x84 Drivers/STM32F0xx_HAL_Driver/Src/stm32f0xx_hal_rcc.o
                0x0000000008001268                HAL_RCC_GetSysClockFreq
 .text.HAL_RCC_ClockConfig
                0x00000000080012ec      0x118 Drivers/STM32F0xx_HAL_Driver/Src/stm32f0xx_hal_rcc.o
                0x00000000080012ec                HAL_RCC_ClockConfig
 .text.HAL_RCC_GetPCLK1Freq
                0x0000000008001404       0x20 Drivers/STM32F0xx_HAL_Driver/Src/stm32f0xx_hal_rcc.o
                0x0000000008001404                HAL_RCC_GetPCLK1Freq
 .text.HAL_RCC_GetClockConfig
                0x0000000008001424       0x38 Drivers/STM32F0xx_HAL_Driver/Src/stm32f0xx_hal_rcc.o
                0x0000000008001424                HAL_RCC_GetClockConfig
 .text.HAL_RCCEx_PeriphCLKConfig
                0x000000000800145c      0x12c Drivers/STM32F0xx_HAL_Driver/Src/stm32f0xx_hal_rcc_ex.o
                0x000000000800145c                HAL_RCCEx_PeriphCLKConfig
 .text.TIM_OC1_SetConfig
                0x0000000008001588       0x78 Drivers/STM32F0xx_HAL_Driver/Src/stm32f0xx_hal_tim.o
 .text.TIM_OC3_SetConfig
                0x0000000008001600       0x80 Drivers/STM32F0xx_HAL_Driver/Src/stm32f0xx_hal_tim.o
 .text.TIM_OC4_SetConfig
                0x0000000008001680       0x68 Drivers/STM32F0xx_HAL_Driver/Src/stm32f0xx_hal_tim.o
 .text.HAL_TIM_Base_Start_IT
                0x00000000080016e8       0x54 Drivers/STM32F0xx_HAL_Driver/Src/stm32f0xx_hal_tim.o
                0x00000000080016e8                HAL_TIM_Base_Start_IT
 .text.HAL_TIM_PWM_MspInit
                0x000000000800173c        0x2 Drivers/STM32F0xx_HAL_Driver/Src/stm32f0xx_hal_tim.o
                0x000000000800173c                HAL_TIM_PWM_MspInit
 .text.HAL_TIM_OC_DelayElapsedCallback
                0x000000000800173e        0x2 Drivers/STM32F0xx_HAL_Driver/Src/stm32f0xx_hal_tim.o
                0x000000000800173e                HAL_TIM_OC_DelayElapsedCallback
 .text.HAL_TIM_IC_CaptureCallback
                0x0000000008001740        0x2 Drivers/STM32F0xx_HAL_Driver/Src/stm32f0xx_hal_tim.o
                0x0000000008001740                HAL_TIM_IC_CaptureCallback
 .text.HAL_TIM_PWM_PulseFinishedCallback
                0x0000000008001742        0x2 Drivers/STM32F0xx_HAL_Driver/Src/stm32f0xx_hal_tim.o
                0x0000000008001742                HAL_TIM_PWM_PulseFinishedCallback
 .text.HAL_TIM_TriggerCallback
                0x0000000008001744        0x2 Drivers/STM32F0xx_HAL_Driver/Src/stm32f0xx_hal_tim.o
                0x0000000008001744                HAL_TIM_TriggerCallback
 .text.HAL_TIM_IRQHandler
                0x0000000008001746      0x148 Drivers/STM32F0xx_HAL_Driver/Src/stm32f0xx_hal_tim.o
                0x0000000008001746                HAL_TIM_IRQHandler
 *fill*         0x000000000800188e        0x2 
 .text.TIM_Base_SetConfig
                0x0000000008001890       0x90 Drivers/STM32F0xx_HAL_Driver/Src/stm32f0xx_hal_tim.o
                0x0000000008001890                TIM_Base_SetConfig
 .text.HAL_TIM_Base_Init
                0x0000000008001920       0x50 Drivers/STM32F0xx_HAL_Driver/Src/stm32f0xx_hal_tim.o
                0x0000000008001920                HAL_TIM_Base_Init
 .text.HAL_TIM_PWM_Init
                0x0000000008001970       0x50 Drivers/STM32F0xx_HAL_Driver/Src/stm32f0xx_hal_tim.o
                0x0000000008001970                HAL_TIM_PWM_Init
 .text.TIM_OC2_SetConfig
                0x00000000080019c0       0x78 Drivers/STM32F0xx_HAL_Driver/Src/stm32f0xx_hal_tim.o
                0x00000000080019c0                TIM_OC2_SetConfig
 .text.HAL_TIM_PWM_ConfigChannel
                0x0000000008001a38       0xc0 Drivers/STM32F0xx_HAL_Driver/Src/stm32f0xx_hal_tim.o
                0x0000000008001a38                HAL_TIM_PWM_ConfigChannel
 .text.TIM_ETR_SetConfig
                0x0000000008001af8       0x18 Drivers/STM32F0xx_HAL_Driver/Src/stm32f0xx_hal_tim.o
                0x0000000008001af8                TIM_ETR_SetConfig
 .text.HAL_TIM_ConfigClockSource
                0x0000000008001b10      0x12c Drivers/STM32F0xx_HAL_Driver/Src/stm32f0xx_hal_tim.o
                0x0000000008001b10                HAL_TIM_ConfigClockSource
 .text.HAL_TIMEx_MasterConfigSynchronization
                0x0000000008001c3c       0x5c Drivers/STM32F0xx_HAL_Driver/Src/stm32f0xx_hal_tim_ex.o
                0x0000000008001c3c                HAL_TIMEx_MasterConfigSynchronization
 .text.HAL_TIMEx_CommutCallback
                0x0000000008001c98        0x2 Drivers/STM32F0xx_HAL_Driver/Src/stm32f0xx_hal_tim_ex.o
                0x0000000008001c98                HAL_TIMEx_CommutCallback
 .text.HAL_TIMEx_BreakCallback
                0x0000000008001c9a        0x2 Drivers/STM32F0xx_HAL_Driver/Src/stm32f0xx_hal_tim_ex.o
                0x0000000008001c9a                HAL_TIMEx_BreakCallback
 .text.UART_EndRxTransfer
                0x0000000008001c9c       0x34 Drivers/STM32F0xx_HAL_Driver/Src/stm32f0xx_hal_uart.o
 .text.HAL_UART_TxCpltCallback
                0x0000000008001cd0        0x2 Drivers/STM32F0xx_HAL_Driver/Src/stm32f0xx_hal_uart.o
                0x0000000008001cd0                HAL_UART_TxCpltCallback
 .text.HAL_UART_ErrorCallback
                0x0000000008001cd2        0x2 Drivers/STM32F0xx_HAL_Driver/Src/stm32f0xx_hal_uart.o
                0x0000000008001cd2                HAL_UART_ErrorCallback
 .text.UART_DMAAbortOnError
                0x0000000008001cd4       0x16 Drivers/STM32F0xx_HAL_Driver/Src/stm32f0xx_hal_uart.o
 .text.HAL_UARTEx_RxEventCallback
                0x0000000008001cea        0x2 Drivers/STM32F0xx_HAL_Driver/Src/stm32f0xx_hal_uart.o
                0x0000000008001cea                HAL_UARTEx_RxEventCallback
 .text.HAL_UART_IRQHandler
                0x0000000008001cec      0x220 Drivers/STM32F0xx_HAL_Driver/Src/stm32f0xx_hal_uart.o
                0x0000000008001cec                HAL_UART_IRQHandler
 .text.UART_RxISR_8BIT
                0x0000000008001f0c       0x84 Drivers/STM32F0xx_HAL_Driver/Src/stm32f0xx_hal_uart.o
 .text.UART_RxISR_16BIT
                0x0000000008001f90       0x80 Drivers/STM32F0xx_HAL_Driver/Src/stm32f0xx_hal_uart.o
 .text.UART_SetConfig
                0x0000000008002010      0x130 Drivers/STM32F0xx_HAL_Driver/Src/stm32f0xx_hal_uart.o
                0x0000000008002010                UART_SetConfig
 .text.UART_AdvFeatureConfig
                0x0000000008002140       0xd0 Drivers/STM32F0xx_HAL_Driver/Src/stm32f0xx_hal_uart.o
                0x0000000008002140                UART_AdvFeatureConfig
 .text.UART_WaitOnFlagUntilTimeout
                0x0000000008002210       0x90 Drivers/STM32F0xx_HAL_Driver/Src/stm32f0xx_hal_uart.o
                0x0000000008002210                UART_WaitOnFlagUntilTimeout
 .text.HAL_UART_Transmit
                0x00000000080022a0       0xd6 Drivers/STM32F0xx_HAL_Driver/Src/stm32f0xx_hal_uart.o
                0x00000000080022a0                HAL_UART_Transmit
 *fill*         0x0000000008002376        0x2 
 .text.UART_CheckIdleState
                0x0000000008002378       0x64 Drivers/STM32F0xx_HAL_Driver/Src/stm32f0xx_hal_uart.o
                0x0000000008002378                UART_CheckIdleState
 .text.UART_Start_Receive_IT
                0x00000000080023dc       0x94 Drivers/STM32F0xx_HAL_Driver/Src/stm32f0xx_hal_uart.o
                0x00000000080023dc                UART_Start_Receive_IT
 .text.HAL_UART_Receive_IT
                0x0000000008002470       0x58 Drivers/STM32F0xx_HAL_Driver/Src/stm32f0xx_hal_uart.o
                0x0000000008002470                HAL_UART_Receive_IT
 .text.HAL_RS485Ex_Init
                0x00000000080024c8       0x84 Drivers/STM32F0xx_HAL_Driver/Src/stm32f0xx_hal_uart_ex.o
                0x00000000080024c8                HAL_RS485Ex_Init
 .text.HAL_UARTEx_WakeupCallback
                0x000000000800254c        0x2 Drivers/STM32F0xx_HAL_Driver/Src/stm32f0xx_hal_uart_ex.o
                0x000000000800254c                HAL_UARTEx_WakeupCallback
 *fill*         0x000000000800254e        0x2 
 .text.__libc_init_array
                0x0000000008002550       0x48 /opt/st/stm32cubeide_1.0.2/plugins/com.st.stm32cube.ide.mcu.externaltools.gnu-tools-for-stm32.7-2018-q2-update.linux64_1.5.0.202011040924/tools/bin/../lib/gcc/arm-none-eabi/7.3.1/../../../../arm-none-eabi/lib/thumb/v6-m/libc_nano.a(lib_a-init.o)
                0x0000000008002550                __libc_init_array
 .text.memcpy   0x0000000008002598       0x12 /opt/st/stm32cubeide_1.0.2/plugins/com.st.stm32cube.ide.mcu.externaltools.gnu-tools-for-stm32.7-2018-q2-update.linux64_1.5.0.202011040924/tools/bin/../lib/gcc/arm-none-eabi/7.3.1/../../../../arm-none-eabi/lib/thumb/v6-m/libc_nano.a(lib_a-memcpy-stub.o)
                0x0000000008002598                memcpy
 .text.memset   0x00000000080025aa       0x10 /opt/st/stm32cubeide_1.0.2/plugins/com.st.stm32cube.ide.mcu.externaltools.gnu-tools-for-stm32.7-2018-q2-update.linux64_1.5.0.202011040924/tools/bin/../lib/gcc/arm-none-eabi/7.3.1/../../../../arm-none-eabi/lib/thumb/v6-m/libc_nano.a(lib_a-memset.o)
                0x00000000080025aa                memset
 *(.glue_7)
 .glue_7        0x00000000080025ba        0x0 linker stubs
 *(.glue_7t)
 .glue_7t       0x00000000080025ba        0x0 linker stubs
 *(.eh_frame)
 *fill*         0x00000000080025ba        0x2 
 .eh_frame      0x00000000080025bc        0x0 /opt/st/stm32cubeide_1.0.2/plugins/com.st.stm32cube.ide.mcu.externaltools.gnu-tools-for-stm32.7-2018-q2-update.linux64_1.5.0.202011040924/tools/bin/../lib/gcc/arm-none-eabi/7.3.1/thumb/v6-m/crtbegin.o
 *(.init)
 .init          0x00000000080025bc        0x4 /opt/st/stm32cubeide_1.0.2/plugins/com.st.stm32cube.ide.mcu.externaltools.gnu-tools-for-stm32.7-2018-q2-update.linux64_1.5.0.202011040924/tools/bin/../lib/gcc/arm-none-eabi/7.3.1/thumb/v6-m/crti.o
                0x00000000080025bc                _init
 .init          0x00000000080025c0        0x8 /opt/st/stm32cubeide_1.0.2/plugins/com.st.stm32cube.ide.mcu.externaltools.gnu-tools-for-stm32.7-2018-q2-update.linux64_1.5.0.202011040924/tools/bin/../lib/gcc/arm-none-eabi/7.3.1/thumb/v6-m/crtn.o
 *(.fini)
 .fini          0x00000000080025c8        0x4 /opt/st/stm32cubeide_1.0.2/plugins/com.st.stm32cube.ide.mcu.externaltools.gnu-tools-for-stm32.7-2018-q2-update.linux64_1.5.0.202011040924/tools/bin/../lib/gcc/arm-none-eabi/7.3.1/thumb/v6-m/crti.o
                0x00000000080025c8                _fini
 .fini          0x00000000080025cc        0x8 /opt/st/stm32cubeide_1.0.2/plugins/com.st.stm32cube.ide.mcu.externaltools.gnu-tools-for-stm32.7-2018-q2-update.linux64_1.5.0.202011040924/tools/bin/../lib/gcc/arm-none-eabi/7.3.1/thumb/v6-m/crtn.o
                0x00000000080025d4                . = ALIGN (0x4)
                0x00000000080025d4                _etext = .

.vfp11_veneer   0x00000000080025d4        0x0
 .vfp11_veneer  0x00000000080025d4        0x0 linker stubs

.v4_bx          0x00000000080025d4        0x0
 .v4_bx         0x00000000080025d4        0x0 linker stubs

.iplt           0x00000000080025d4        0x0
 .iplt          0x00000000080025d4        0x0 /opt/st/stm32cubeide_1.0.2/plugins/com.st.stm32cube.ide.mcu.externaltools.gnu-tools-for-stm32.7-2018-q2-update.linux64_1.5.0.202011040924/tools/bin/../lib/gcc/arm-none-eabi/7.3.1/thumb/v6-m/crtbegin.o

.rodata         0x00000000080025d4       0x98
                0x00000000080025d4                . = ALIGN (0x4)
 *(.rodata)
 .rodata        0x00000000080025d4       0x20 Drivers/STM32F0xx_HAL_Driver/Src/stm32f0xx_hal_rcc.o
 *(.rodata*)
 .rodata.HAL_UART_RxCpltCallback.str1.1
                0x00000000080025f4       0x5a Core/Src/main.o
 .rodata.AHBPrescTable
                0x000000000800264e       0x10 Core/Src/system_stm32f0xx.o
                0x000000000800264e                AHBPrescTable
 .rodata.APBPrescTable
                0x000000000800265e        0x8 Core/Src/system_stm32f0xx.o
                0x000000000800265e                APBPrescTable
 .rodata.CSWTCH.57
                0x0000000008002666        0x4 Drivers/STM32F0xx_HAL_Driver/Src/stm32f0xx_hal_uart.o
                0x000000000800266c                . = ALIGN (0x4)
 *fill*         0x000000000800266a        0x2 

.rel.dyn        0x000000000800266c        0x0
 .rel.iplt      0x000000000800266c        0x0 /opt/st/stm32cubeide_1.0.2/plugins/com.st.stm32cube.ide.mcu.externaltools.gnu-tools-for-stm32.7-2018-q2-update.linux64_1.5.0.202011040924/tools/bin/../lib/gcc/arm-none-eabi/7.3.1/thumb/v6-m/crtbegin.o

.ARM.extab      0x000000000800266c        0x0
                0x000000000800266c                . = ALIGN (0x4)
 *(.ARM.extab* .gnu.linkonce.armextab.*)
                0x000000000800266c                . = ALIGN (0x4)

.ARM            0x000000000800266c        0x0
                0x000000000800266c                . = ALIGN (0x4)
                0x000000000800266c                __exidx_start = .
 *(.ARM.exidx*)
                0x000000000800266c                __exidx_end = .
                0x000000000800266c                . = ALIGN (0x4)

.preinit_array  0x000000000800266c        0x0
                0x000000000800266c                . = ALIGN (0x4)
                0x000000000800266c                PROVIDE (__preinit_array_start = .)
 *(.preinit_array*)
                0x000000000800266c                PROVIDE (__preinit_array_end = .)
                0x000000000800266c                . = ALIGN (0x4)

.init_array     0x000000000800266c        0x4
                0x000000000800266c                . = ALIGN (0x4)
                0x000000000800266c                PROVIDE (__init_array_start = .)
 *(SORT_BY_NAME(.init_array.*))
 *(.init_array*)
 .init_array    0x000000000800266c        0x4 /opt/st/stm32cubeide_1.0.2/plugins/com.st.stm32cube.ide.mcu.externaltools.gnu-tools-for-stm32.7-2018-q2-update.linux64_1.5.0.202011040924/tools/bin/../lib/gcc/arm-none-eabi/7.3.1/thumb/v6-m/crtbegin.o
                0x0000000008002670                PROVIDE (__init_array_end = .)
                0x0000000008002670                . = ALIGN (0x4)

.fini_array     0x0000000008002670        0x4
                0x0000000008002670                . = ALIGN (0x4)
                [!provide]                        PROVIDE (__fini_array_start = .)
 *(SORT_BY_NAME(.fini_array.*))
 *(.fini_array*)
 .fini_array    0x0000000008002670        0x4 /opt/st/stm32cubeide_1.0.2/plugins/com.st.stm32cube.ide.mcu.externaltools.gnu-tools-for-stm32.7-2018-q2-update.linux64_1.5.0.202011040924/tools/bin/../lib/gcc/arm-none-eabi/7.3.1/thumb/v6-m/crtbegin.o
                [!provide]                        PROVIDE (__fini_array_end = .)
                0x0000000008002674                . = ALIGN (0x4)
                0x0000000008002674                _sidata = LOADADDR (.data)

.data           0x0000000020000000        0x8 load address 0x0000000008002674
                0x0000000020000000                . = ALIGN (0x4)
                0x0000000020000000                _sdata = .
 *(.data)
 *(.data*)
 .data.SystemCoreClock
                0x0000000020000000        0x4 Core/Src/system_stm32f0xx.o
                0x0000000020000000                SystemCoreClock
 .data.uwTickFreq
                0x0000000020000004        0x1 Drivers/STM32F0xx_HAL_Driver/Src/stm32f0xx_hal.o
                0x0000000020000004                uwTickFreq
 *(.RamFunc)
 *(.RamFunc*)
                0x0000000020000008                . = ALIGN (0x4)
 *fill*         0x0000000020000005        0x3 
                0x0000000020000008                _edata = .

.igot.plt       0x0000000020000008        0x0 load address 0x000000000800267c
 .igot.plt      0x0000000020000008        0x0 /opt/st/stm32cubeide_1.0.2/plugins/com.st.stm32cube.ide.mcu.externaltools.gnu-tools-for-stm32.7-2018-q2-update.linux64_1.5.0.202011040924/tools/bin/../lib/gcc/arm-none-eabi/7.3.1/thumb/v6-m/crtbegin.o
                0x0000000020000008                . = ALIGN (0x4)

.bss            0x0000000020000008      0x180 load address 0x000000000800267c
                0x0000000020000008                _sbss = .
                0x0000000020000008                __bss_start__ = _sbss
 *(.bss)
 .bss           0x0000000020000008       0x1c /opt/st/stm32cubeide_1.0.2/plugins/com.st.stm32cube.ide.mcu.externaltools.gnu-tools-for-stm32.7-2018-q2-update.linux64_1.5.0.202011040924/tools/bin/../lib/gcc/arm-none-eabi/7.3.1/thumb/v6-m/crtbegin.o
 *(.bss*)
 *(COMMON)
 COMMON         0x0000000020000024       0x40 Core/Src/adc.o
                0x0000000020000024                hadc
 COMMON         0x0000000020000064        0xa Core/Src/main.o
                0x0000000020000064                Received
 *fill*         0x000000002000006e        0x2 
 COMMON         0x0000000020000070       0x48 Core/Src/stm32f0xx_hal_timebase_tim.o
                0x0000000020000070                htim17
 COMMON         0x00000000200000b8       0x48 Core/Src/tim.o
                0x00000000200000b8                htim2
 COMMON         0x0000000020000100       0x84 Core/Src/usart.o
                0x0000000020000100                huart1
 COMMON         0x0000000020000184        0x4 Drivers/STM32F0xx_HAL_Driver/Src/stm32f0xx_hal.o
                0x0000000020000184                uwTick
                0x0000000020000188                . = ALIGN (0x4)
                0x0000000020000188                _ebss = .
                0x0000000020000188                __bss_end__ = _ebss

._user_heap_stack
                0x0000000020000188      0x600 load address 0x000000000800267c
                0x0000000020000188                . = ALIGN (0x8)
                [!provide]                        PROVIDE (end = .)
                0x0000000020000188                PROVIDE (_end = .)
                0x0000000020000388                . = (. + _Min_Heap_Size)
 *fill*         0x0000000020000188      0x200 
                0x0000000020000788                . = (. + _Min_Stack_Size)
 *fill*         0x0000000020000388      0x400 
                0x0000000020000788                . = ALIGN (0x8)

/DISCARD/
 libc.a(*)
 libm.a(*)
 libgcc.a(*)

.ARM.attributes
                0x0000000000000000       0x28
 *(.ARM.attributes)
 .ARM.attributes
                0x0000000000000000       0x1e /opt/st/stm32cubeide_1.0.2/plugins/com.st.stm32cube.ide.mcu.externaltools.gnu-tools-for-stm32.7-2018-q2-update.linux64_1.5.0.202011040924/tools/bin/../lib/gcc/arm-none-eabi/7.3.1/thumb/v6-m/crti.o
 .ARM.attributes
                0x000000000000001e       0x2c /opt/st/stm32cubeide_1.0.2/plugins/com.st.stm32cube.ide.mcu.externaltools.gnu-tools-for-stm32.7-2018-q2-update.linux64_1.5.0.202011040924/tools/bin/../lib/gcc/arm-none-eabi/7.3.1/thumb/v6-m/crtbegin.o
 .ARM.attributes
                0x000000000000004a       0x31 Core/Src/adc.o
 .ARM.attributes
                0x000000000000007b       0x31 Core/Src/gpio.o
 .ARM.attributes
                0x00000000000000ac       0x31 Core/Src/main.o
 .ARM.attributes
                0x00000000000000dd       0x31 Core/Src/stm32f0xx_hal_msp.o
 .ARM.attributes
                0x000000000000010e       0x31 Core/Src/stm32f0xx_hal_timebase_tim.o
 .ARM.attributes
                0x000000000000013f       0x31 Core/Src/stm32f0xx_it.o
 .ARM.attributes
                0x0000000000000170       0x31 Core/Src/system_stm32f0xx.o
 .ARM.attributes
                0x00000000000001a1       0x31 Core/Src/tim.o
 .ARM.attributes
                0x00000000000001d2       0x31 Core/Src/usart.o
 .ARM.attributes
                0x0000000000000203       0x21 Core/Startup/startup_stm32f042c6tx.o
 .ARM.attributes
                0x0000000000000224       0x31 Drivers/STM32F0xx_HAL_Driver/Src/stm32f0xx_hal.o
 .ARM.attributes
                0x0000000000000255       0x31 Drivers/STM32F0xx_HAL_Driver/Src/stm32f0xx_hal_adc.o
 .ARM.attributes
                0x0000000000000286       0x31 Drivers/STM32F0xx_HAL_Driver/Src/stm32f0xx_hal_cortex.o
 .ARM.attributes
                0x00000000000002b7       0x31 Drivers/STM32F0xx_HAL_Driver/Src/stm32f0xx_hal_dma.o
 .ARM.attributes
                0x00000000000002e8       0x31 Drivers/STM32F0xx_HAL_Driver/Src/stm32f0xx_hal_gpio.o
 .ARM.attributes
                0x0000000000000319       0x31 Drivers/STM32F0xx_HAL_Driver/Src/stm32f0xx_hal_rcc.o
 .ARM.attributes
                0x000000000000034a       0x31 Drivers/STM32F0xx_HAL_Driver/Src/stm32f0xx_hal_rcc_ex.o
 .ARM.attributes
                0x000000000000037b       0x31 Drivers/STM32F0xx_HAL_Driver/Src/stm32f0xx_hal_tim.o
 .ARM.attributes
                0x00000000000003ac       0x31 Drivers/STM32F0xx_HAL_Driver/Src/stm32f0xx_hal_tim_ex.o
 .ARM.attributes
                0x00000000000003dd       0x31 Drivers/STM32F0xx_HAL_Driver/Src/stm32f0xx_hal_uart.o
 .ARM.attributes
                0x000000000000040e       0x31 Drivers/STM32F0xx_HAL_Driver/Src/stm32f0xx_hal_uart_ex.o
 .ARM.attributes
                0x000000000000043f       0x2c /opt/st/stm32cubeide_1.0.2/plugins/com.st.stm32cube.ide.mcu.externaltools.gnu-tools-for-stm32.7-2018-q2-update.linux64_1.5.0.202011040924/tools/bin/../lib/gcc/arm-none-eabi/7.3.1/../../../../arm-none-eabi/lib/thumb/v6-m/libc_nano.a(lib_a-init.o)
 .ARM.attributes
                0x000000000000046b       0x2c /opt/st/stm32cubeide_1.0.2/plugins/com.st.stm32cube.ide.mcu.externaltools.gnu-tools-for-stm32.7-2018-q2-update.linux64_1.5.0.202011040924/tools/bin/../lib/gcc/arm-none-eabi/7.3.1/../../../../arm-none-eabi/lib/thumb/v6-m/libc_nano.a(lib_a-memcpy-stub.o)
 .ARM.attributes
                0x0000000000000497       0x2c /opt/st/stm32cubeide_1.0.2/plugins/com.st.stm32cube.ide.mcu.externaltools.gnu-tools-for-stm32.7-2018-q2-update.linux64_1.5.0.202011040924/tools/bin/../lib/gcc/arm-none-eabi/7.3.1/../../../../arm-none-eabi/lib/thumb/v6-m/libc_nano.a(lib_a-memset.o)
 .ARM.attributes
                0x00000000000004c3       0x1c /opt/st/stm32cubeide_1.0.2/plugins/com.st.stm32cube.ide.mcu.externaltools.gnu-tools-for-stm32.7-2018-q2-update.linux64_1.5.0.202011040924/tools/bin/../lib/gcc/arm-none-eabi/7.3.1/../../../../arm-none-eabi/lib/thumb/v6-m/libc_nano.a(lib_a-strlen.o)
 .ARM.attributes
                0x00000000000004df       0x1e /opt/st/stm32cubeide_1.0.2/plugins/com.st.stm32cube.ide.mcu.externaltools.gnu-tools-for-stm32.7-2018-q2-update.linux64_1.5.0.202011040924/tools/bin/../lib/gcc/arm-none-eabi/7.3.1/thumb/v6-m/libgcc.a(_thumb1_case_sqi.o)
 .ARM.attributes
                0x00000000000004fd       0x1e /opt/st/stm32cubeide_1.0.2/plugins/com.st.stm32cube.ide.mcu.externaltools.gnu-tools-for-stm32.7-2018-q2-update.linux64_1.5.0.202011040924/tools/bin/../lib/gcc/arm-none-eabi/7.3.1/thumb/v6-m/libgcc.a(_thumb1_case_uqi.o)
 .ARM.attributes
                0x000000000000051b       0x1e /opt/st/stm32cubeide_1.0.2/plugins/com.st.stm32cube.ide.mcu.externaltools.gnu-tools-for-stm32.7-2018-q2-update.linux64_1.5.0.202011040924/tools/bin/../lib/gcc/arm-none-eabi/7.3.1/thumb/v6-m/libgcc.a(_udivsi3.o)
 .ARM.attributes
                0x0000000000000539       0x1e /opt/st/stm32cubeide_1.0.2/plugins/com.st.stm32cube.ide.mcu.externaltools.gnu-tools-for-stm32.7-2018-q2-update.linux64_1.5.0.202011040924/tools/bin/../lib/gcc/arm-none-eabi/7.3.1/thumb/v6-m/libgcc.a(_dvmd_tls.o)
 .ARM.attributes
                0x0000000000000557       0x1e /opt/st/stm32cubeide_1.0.2/plugins/com.st.stm32cube.ide.mcu.externaltools.gnu-tools-for-stm32.7-2018-q2-update.linux64_1.5.0.202011040924/tools/bin/../lib/gcc/arm-none-eabi/7.3.1/thumb/v6-m/crtn.o
OUTPUT(Hener_zawor_rtos.elf elf32-littlearm)

.debug_info     0x0000000000000000    0x10c4c
 .debug_info    0x0000000000000000      0x97c Core/Src/adc.o
 .debug_info    0x000000000000097c      0x504 Core/Src/gpio.o
 .debug_info    0x0000000000000e80     0x190d Core/Src/main.o
 .debug_info    0x000000000000278d      0x256 Core/Src/stm32f0xx_hal_msp.o
 .debug_info    0x00000000000029e3      0x9ee Core/Src/stm32f0xx_hal_timebase_tim.o
 .debug_info    0x00000000000033d1      0xa32 Core/Src/stm32f0xx_it.o
 .debug_info    0x0000000000003e03      0x2a2 Core/Src/system_stm32f0xx.o
 .debug_info    0x00000000000040a5      0xbfb Core/Src/tim.o
 .debug_info    0x0000000000004ca0      0xb0b Core/Src/usart.o
 .debug_info    0x00000000000057ab       0x22 Core/Startup/startup_stm32f042c6tx.o
 .debug_info    0x00000000000057cd      0x750 Drivers/STM32F0xx_HAL_Driver/Src/stm32f0xx_hal.o
 .debug_info    0x0000000000005f1d      0xecf Drivers/STM32F0xx_HAL_Driver/Src/stm32f0xx_hal_adc.o
 .debug_info    0x0000000000006dec      0x85e Drivers/STM32F0xx_HAL_Driver/Src/stm32f0xx_hal_cortex.o
 .debug_info    0x000000000000764a      0x86a Drivers/STM32F0xx_HAL_Driver/Src/stm32f0xx_hal_dma.o
 .debug_info    0x0000000000007eb4      0x691 Drivers/STM32F0xx_HAL_Driver/Src/stm32f0xx_hal_gpio.o
 .debug_info    0x0000000000008545      0xa5e Drivers/STM32F0xx_HAL_Driver/Src/stm32f0xx_hal_rcc.o
 .debug_info    0x0000000000008fa3      0x6f9 Drivers/STM32F0xx_HAL_Driver/Src/stm32f0xx_hal_rcc_ex.o
 .debug_info    0x000000000000969c     0x3794 Drivers/STM32F0xx_HAL_Driver/Src/stm32f0xx_hal_tim.o
 .debug_info    0x000000000000ce30     0x15db Drivers/STM32F0xx_HAL_Driver/Src/stm32f0xx_hal_tim_ex.o
 .debug_info    0x000000000000e40b     0x1d09 Drivers/STM32F0xx_HAL_Driver/Src/stm32f0xx_hal_uart.o
 .debug_info    0x0000000000010114      0xb38 Drivers/STM32F0xx_HAL_Driver/Src/stm32f0xx_hal_uart_ex.o

.debug_abbrev   0x0000000000000000     0x2c06
 .debug_abbrev  0x0000000000000000      0x1da Core/Src/adc.o
 .debug_abbrev  0x00000000000001da      0x184 Core/Src/gpio.o
 .debug_abbrev  0x000000000000035e      0x294 Core/Src/main.o
 .debug_abbrev  0x00000000000005f2      0x105 Core/Src/stm32f0xx_hal_msp.o
 .debug_abbrev  0x00000000000006f7      0x1ff Core/Src/stm32f0xx_hal_timebase_tim.o
 .debug_abbrev  0x00000000000008f6      0x1a8 Core/Src/stm32f0xx_it.o
 .debug_abbrev  0x0000000000000a9e      0x12b Core/Src/system_stm32f0xx.o
 .debug_abbrev  0x0000000000000bc9      0x203 Core/Src/tim.o
 .debug_abbrev  0x0000000000000dcc      0x1e3 Core/Src/usart.o
 .debug_abbrev  0x0000000000000faf       0x12 Core/Startup/startup_stm32f042c6tx.o
 .debug_abbrev  0x0000000000000fc1      0x26b Drivers/STM32F0xx_HAL_Driver/Src/stm32f0xx_hal.o
 .debug_abbrev  0x000000000000122c      0x2ef Drivers/STM32F0xx_HAL_Driver/Src/stm32f0xx_hal_adc.o
 .debug_abbrev  0x000000000000151b      0x272 Drivers/STM32F0xx_HAL_Driver/Src/stm32f0xx_hal_cortex.o
 .debug_abbrev  0x000000000000178d      0x235 Drivers/STM32F0xx_HAL_Driver/Src/stm32f0xx_hal_dma.o
 .debug_abbrev  0x00000000000019c2      0x1dc Drivers/STM32F0xx_HAL_Driver/Src/stm32f0xx_hal_gpio.o
 .debug_abbrev  0x0000000000001b9e      0x2a0 Drivers/STM32F0xx_HAL_Driver/Src/stm32f0xx_hal_rcc.o
 .debug_abbrev  0x0000000000001e3e      0x249 Drivers/STM32F0xx_HAL_Driver/Src/stm32f0xx_hal_rcc_ex.o
 .debug_abbrev  0x0000000000002087      0x342 Drivers/STM32F0xx_HAL_Driver/Src/stm32f0xx_hal_tim.o
 .debug_abbrev  0x00000000000023c9      0x2b2 Drivers/STM32F0xx_HAL_Driver/Src/stm32f0xx_hal_tim_ex.o
 .debug_abbrev  0x000000000000267b      0x336 Drivers/STM32F0xx_HAL_Driver/Src/stm32f0xx_hal_uart.o
 .debug_abbrev  0x00000000000029b1      0x255 Drivers/STM32F0xx_HAL_Driver/Src/stm32f0xx_hal_uart_ex.o

.debug_loc      0x0000000000000000     0x997e
 .debug_loc     0x0000000000000000       0x4d Core/Src/adc.o
 .debug_loc     0x000000000000004d       0x6e Core/Src/main.o
 .debug_loc     0x00000000000000bb       0x7a Core/Src/stm32f0xx_hal_timebase_tim.o
 .debug_loc     0x0000000000000135       0xe7 Core/Src/system_stm32f0xx.o
 .debug_loc     0x000000000000021c       0x4d Core/Src/tim.o
 .debug_loc     0x0000000000000269       0x4d Core/Src/usart.o
 .debug_loc     0x00000000000002b6       0xef Drivers/STM32F0xx_HAL_Driver/Src/stm32f0xx_hal.o
 .debug_loc     0x00000000000003a5      0xace Drivers/STM32F0xx_HAL_Driver/Src/stm32f0xx_hal_adc.o
 .debug_loc     0x0000000000000e73      0x394 Drivers/STM32F0xx_HAL_Driver/Src/stm32f0xx_hal_cortex.o
 .debug_loc     0x0000000000001207      0x813 Drivers/STM32F0xx_HAL_Driver/Src/stm32f0xx_hal_dma.o
 .debug_loc     0x0000000000001a1a      0x2f0 Drivers/STM32F0xx_HAL_Driver/Src/stm32f0xx_hal_gpio.o
 .debug_loc     0x0000000000001d0a      0x467 Drivers/STM32F0xx_HAL_Driver/Src/stm32f0xx_hal_rcc.o
 .debug_loc     0x0000000000002171      0x588 Drivers/STM32F0xx_HAL_Driver/Src/stm32f0xx_hal_rcc_ex.o
 .debug_loc     0x00000000000026f9     0x41d0 Drivers/STM32F0xx_HAL_Driver/Src/stm32f0xx_hal_tim.o
 .debug_loc     0x00000000000068c9     0x14a5 Drivers/STM32F0xx_HAL_Driver/Src/stm32f0xx_hal_tim_ex.o
 .debug_loc     0x0000000000007d6e     0x166b Drivers/STM32F0xx_HAL_Driver/Src/stm32f0xx_hal_uart.o
 .debug_loc     0x00000000000093d9      0x5a5 Drivers/STM32F0xx_HAL_Driver/Src/stm32f0xx_hal_uart_ex.o

.debug_aranges  0x0000000000000000      0xb80
 .debug_aranges
                0x0000000000000000       0x30 Core/Src/adc.o
 .debug_aranges
                0x0000000000000030       0x20 Core/Src/gpio.o
 .debug_aranges
                0x0000000000000050       0x48 Core/Src/main.o
 .debug_aranges
                0x0000000000000098       0x20 Core/Src/stm32f0xx_hal_msp.o
 .debug_aranges
                0x00000000000000b8       0x30 Core/Src/stm32f0xx_hal_timebase_tim.o
 .debug_aranges
                0x00000000000000e8       0x38 Core/Src/stm32f0xx_it.o
 .debug_aranges
                0x0000000000000120       0x28 Core/Src/system_stm32f0xx.o
 .debug_aranges
                0x0000000000000148       0x38 Core/Src/tim.o
 .debug_aranges
                0x0000000000000180       0x30 Core/Src/usart.o
 .debug_aranges
                0x00000000000001b0       0x28 Core/Startup/startup_stm32f042c6tx.o
 .debug_aranges
                0x00000000000001d8       0xc8 Drivers/STM32F0xx_HAL_Driver/Src/stm32f0xx_hal.o
 .debug_aranges
                0x00000000000002a0       0xd0 Drivers/STM32F0xx_HAL_Driver/Src/stm32f0xx_hal_adc.o
 .debug_aranges
                0x0000000000000370       0x78 Drivers/STM32F0xx_HAL_Driver/Src/stm32f0xx_hal_cortex.o
 .debug_aranges
                0x00000000000003e8       0x78 Drivers/STM32F0xx_HAL_Driver/Src/stm32f0xx_hal_dma.o
 .debug_aranges
                0x0000000000000460       0x58 Drivers/STM32F0xx_HAL_Driver/Src/stm32f0xx_hal_gpio.o
 .debug_aranges
                0x00000000000004b8       0x80 Drivers/STM32F0xx_HAL_Driver/Src/stm32f0xx_hal_rcc.o
 .debug_aranges
                0x0000000000000538       0x68 Drivers/STM32F0xx_HAL_Driver/Src/stm32f0xx_hal_rcc_ex.o
 .debug_aranges
                0x00000000000005a0      0x298 Drivers/STM32F0xx_HAL_Driver/Src/stm32f0xx_hal_tim.o
 .debug_aranges
                0x0000000000000838      0x118 Drivers/STM32F0xx_HAL_Driver/Src/stm32f0xx_hal_tim_ex.o
 .debug_aranges
                0x0000000000000950      0x1d0 Drivers/STM32F0xx_HAL_Driver/Src/stm32f0xx_hal_uart.o
 .debug_aranges
                0x0000000000000b20       0x60 Drivers/STM32F0xx_HAL_Driver/Src/stm32f0xx_hal_uart_ex.o

.debug_ranges   0x0000000000000000      0xfd0
 .debug_ranges  0x0000000000000000       0x70 Core/Src/adc.o
 .debug_ranges  0x0000000000000070       0xc0 Core/Src/gpio.o
 .debug_ranges  0x0000000000000130       0x38 Core/Src/main.o
 .debug_ranges  0x0000000000000168       0x58 Core/Src/stm32f0xx_hal_msp.o
 .debug_ranges  0x00000000000001c0       0x40 Core/Src/stm32f0xx_hal_timebase_tim.o
 .debug_ranges  0x0000000000000200       0x28 Core/Src/stm32f0xx_it.o
 .debug_ranges  0x0000000000000228       0x18 Core/Src/system_stm32f0xx.o
 .debug_ranges  0x0000000000000240       0x40 Core/Src/tim.o
 .debug_ranges  0x0000000000000280       0x70 Core/Src/usart.o
 .debug_ranges  0x00000000000002f0       0x20 Core/Startup/startup_stm32f042c6tx.o
 .debug_ranges  0x0000000000000310       0xb8 Drivers/STM32F0xx_HAL_Driver/Src/stm32f0xx_hal.o
 .debug_ranges  0x00000000000003c8       0xc0 Drivers/STM32F0xx_HAL_Driver/Src/stm32f0xx_hal_adc.o
 .debug_ranges  0x0000000000000488       0xb8 Drivers/STM32F0xx_HAL_Driver/Src/stm32f0xx_hal_cortex.o
 .debug_ranges  0x0000000000000540       0xf8 Drivers/STM32F0xx_HAL_Driver/Src/stm32f0xx_hal_dma.o
 .debug_ranges  0x0000000000000638       0x70 Drivers/STM32F0xx_HAL_Driver/Src/stm32f0xx_hal_gpio.o
 .debug_ranges  0x00000000000006a8       0xa0 Drivers/STM32F0xx_HAL_Driver/Src/stm32f0xx_hal_rcc.o
 .debug_ranges  0x0000000000000748       0x78 Drivers/STM32F0xx_HAL_Driver/Src/stm32f0xx_hal_rcc_ex.o
 .debug_ranges  0x00000000000007c0      0x4c8 Drivers/STM32F0xx_HAL_Driver/Src/stm32f0xx_hal_tim.o
 .debug_ranges  0x0000000000000c88      0x108 Drivers/STM32F0xx_HAL_Driver/Src/stm32f0xx_hal_tim_ex.o
 .debug_ranges  0x0000000000000d90      0x1d8 Drivers/STM32F0xx_HAL_Driver/Src/stm32f0xx_hal_uart.o
 .debug_ranges  0x0000000000000f68       0x68 Drivers/STM32F0xx_HAL_Driver/Src/stm32f0xx_hal_uart_ex.o

.debug_macro    0x0000000000000000    0x19ac3
 .debug_macro   0x0000000000000000      0x1ef Core/Src/adc.o
 .debug_macro   0x00000000000001ef      0xa4e Core/Src/adc.o
 .debug_macro   0x0000000000000c3d      0x139 Core/Src/adc.o
 .debug_macro   0x0000000000000d76       0x2e Core/Src/adc.o
 .debug_macro   0x0000000000000da4       0x22 Core/Src/adc.o
 .debug_macro   0x0000000000000dc6       0x22 Core/Src/adc.o
 .debug_macro   0x0000000000000de8       0x8e Core/Src/adc.o
 .debug_macro   0x0000000000000e76       0x51 Core/Src/adc.o
 .debug_macro   0x0000000000000ec7       0xef Core/Src/adc.o
 .debug_macro   0x0000000000000fb6       0x6a Core/Src/adc.o
 .debug_macro   0x0000000000001020      0x1df Core/Src/adc.o
 .debug_macro   0x00000000000011ff       0x1c Core/Src/adc.o
 .debug_macro   0x000000000000121b       0x22 Core/Src/adc.o
 .debug_macro   0x000000000000123d       0xb5 Core/Src/adc.o
 .debug_macro   0x00000000000012f2      0x391 Core/Src/adc.o
 .debug_macro   0x0000000000001683     0xf1e6 Core/Src/adc.o
 .debug_macro   0x0000000000010869       0x3c Core/Src/adc.o
 .debug_macro   0x00000000000108a5     0x3461 Core/Src/adc.o
 .debug_macro   0x0000000000013d06      0x174 Core/Src/adc.o
 .debug_macro   0x0000000000013e7a       0x55 Core/Src/adc.o
 .debug_macro   0x0000000000013ecf      0x946 Core/Src/adc.o
 .debug_macro   0x0000000000014815      0x46b Core/Src/adc.o
 .debug_macro   0x0000000000014c80      0x12f Core/Src/adc.o
 .debug_macro   0x0000000000014daf      0x130 Core/Src/adc.o
 .debug_macro   0x0000000000014edf      0x199 Core/Src/adc.o
 .debug_macro   0x0000000000015078      0x1ed Core/Src/adc.o
 .debug_macro   0x0000000000015265       0x34 Core/Src/adc.o
 .debug_macro   0x0000000000015299       0x43 Core/Src/adc.o
 .debug_macro   0x00000000000152dc       0x28 Core/Src/adc.o
 .debug_macro   0x0000000000015304      0x33d Core/Src/adc.o
 .debug_macro   0x0000000000015641       0xce Core/Src/adc.o
 .debug_macro   0x000000000001570f       0xb0 Core/Src/adc.o
 .debug_macro   0x00000000000157bf      0x182 Core/Src/adc.o
 .debug_macro   0x0000000000015941      0x22c Core/Src/adc.o
 .debug_macro   0x0000000000015b6d       0x60 Core/Src/adc.o
 .debug_macro   0x0000000000015bcd       0xa5 Core/Src/adc.o
 .debug_macro   0x0000000000015c72       0x4c Core/Src/adc.o
 .debug_macro   0x0000000000015cbe      0x15b Core/Src/adc.o
 .debug_macro   0x0000000000015e19      0x8d8 Core/Src/adc.o
 .debug_macro   0x00000000000166f1       0x28 Core/Src/adc.o
 .debug_macro   0x0000000000016719      0x5a5 Core/Src/adc.o
 .debug_macro   0x0000000000016cbe       0x44 Core/Src/adc.o
 .debug_macro   0x0000000000016d02      0x12e Core/Src/adc.o
 .debug_macro   0x0000000000016e30       0xac Core/Src/adc.o
 .debug_macro   0x0000000000016edc      0x1ef Core/Src/gpio.o
 .debug_macro   0x00000000000170cb      0x2d2 Core/Src/main.o
 .debug_macro   0x000000000001739d       0x46 Core/Src/main.o
 .debug_macro   0x00000000000173e3       0x18 Core/Src/main.o
 .debug_macro   0x00000000000173fb       0x3c Core/Src/main.o
 .debug_macro   0x0000000000017437       0x34 Core/Src/main.o
 .debug_macro   0x000000000001746b       0x52 Core/Src/main.o
 .debug_macro   0x00000000000174bd       0x1f Core/Src/main.o
 .debug_macro   0x00000000000174dc       0x43 Core/Src/main.o
 .debug_macro   0x000000000001751f       0x20 Core/Src/main.o
 .debug_macro   0x000000000001753f      0x1a3 Core/Src/main.o
 .debug_macro   0x00000000000176e2      0x32a Core/Src/main.o
 .debug_macro   0x0000000000017a0c       0x10 Core/Src/main.o
 .debug_macro   0x0000000000017a1c       0x35 Core/Src/main.o
 .debug_macro   0x0000000000017a51       0x20 Core/Src/main.o
 .debug_macro   0x0000000000017a71      0x1e5 Core/Src/stm32f0xx_hal_msp.o
 .debug_macro   0x0000000000017c56      0x1d6 Core/Src/stm32f0xx_hal_timebase_tim.o
 .debug_macro   0x0000000000017e2c      0x1ef Core/Src/stm32f0xx_it.o
 .debug_macro   0x000000000001801b      0x1d6 Core/Src/system_stm32f0xx.o
 .debug_macro   0x00000000000181f1      0x1ef Core/Src/tim.o
 .debug_macro   0x00000000000183e0      0x1ef Core/Src/usart.o
 .debug_macro   0x00000000000185cf      0x1fa Drivers/STM32F0xx_HAL_Driver/Src/stm32f0xx_hal.o
 .debug_macro   0x00000000000187c9      0x1fa Drivers/STM32F0xx_HAL_Driver/Src/stm32f0xx_hal_adc.o
 .debug_macro   0x00000000000189c3      0x1d6 Drivers/STM32F0xx_HAL_Driver/Src/stm32f0xx_hal_cortex.o
 .debug_macro   0x0000000000018b99      0x1d6 Drivers/STM32F0xx_HAL_Driver/Src/stm32f0xx_hal_dma.o
 .debug_macro   0x0000000000018d6f      0x20e Drivers/STM32F0xx_HAL_Driver/Src/stm32f0xx_hal_gpio.o
 .debug_macro   0x0000000000018f7d      0x1e8 Drivers/STM32F0xx_HAL_Driver/Src/stm32f0xx_hal_rcc.o
 .debug_macro   0x0000000000019165      0x1e8 Drivers/STM32F0xx_HAL_Driver/Src/stm32f0xx_hal_rcc_ex.o
 .debug_macro   0x000000000001934d      0x1d7 Drivers/STM32F0xx_HAL_Driver/Src/stm32f0xx_hal_tim.o
 .debug_macro   0x0000000000019524      0x1d6 Drivers/STM32F0xx_HAL_Driver/Src/stm32f0xx_hal_tim_ex.o
 .debug_macro   0x00000000000196fa      0x1f3 Drivers/STM32F0xx_HAL_Driver/Src/stm32f0xx_hal_uart.o
 .debug_macro   0x00000000000198ed      0x1d6 Drivers/STM32F0xx_HAL_Driver/Src/stm32f0xx_hal_uart_ex.o

.debug_line     0x0000000000000000     0xd663
 .debug_line    0x0000000000000000      0x763 Core/Src/adc.o
 .debug_line    0x0000000000000763      0x74c Core/Src/gpio.o
 .debug_line    0x0000000000000eaf      0x8f9 Core/Src/main.o
 .debug_line    0x00000000000017a8      0x6f0 Core/Src/stm32f0xx_hal_msp.o
 .debug_line    0x0000000000001e98      0x730 Core/Src/stm32f0xx_hal_timebase_tim.o
 .debug_line    0x00000000000025c8      0x72a Core/Src/stm32f0xx_it.o
 .debug_line    0x0000000000002cf2      0x711 Core/Src/system_stm32f0xx.o
 .debug_line    0x0000000000003403      0x764 Core/Src/tim.o
 .debug_line    0x0000000000003b67      0x752 Core/Src/usart.o
 .debug_line    0x00000000000042b9       0x9b Core/Startup/startup_stm32f042c6tx.o
 .debug_line    0x0000000000004354      0x8b3 Drivers/STM32F0xx_HAL_Driver/Src/stm32f0xx_hal.o
 .debug_line    0x0000000000004c07      0xc97 Drivers/STM32F0xx_HAL_Driver/Src/stm32f0xx_hal_adc.o
 .debug_line    0x000000000000589e      0x86a Drivers/STM32F0xx_HAL_Driver/Src/stm32f0xx_hal_cortex.o
 .debug_line    0x0000000000006108      0x9c4 Drivers/STM32F0xx_HAL_Driver/Src/stm32f0xx_hal_dma.o
 .debug_line    0x0000000000006acc      0x85b Drivers/STM32F0xx_HAL_Driver/Src/stm32f0xx_hal_gpio.o
 .debug_line    0x0000000000007327      0xaaa Drivers/STM32F0xx_HAL_Driver/Src/stm32f0xx_hal_rcc.o
 .debug_line    0x0000000000007dd1      0x93c Drivers/STM32F0xx_HAL_Driver/Src/stm32f0xx_hal_rcc_ex.o
 .debug_line    0x000000000000870d     0x204d Drivers/STM32F0xx_HAL_Driver/Src/stm32f0xx_hal_tim.o
 .debug_line    0x000000000000a75a     0x1197 Drivers/STM32F0xx_HAL_Driver/Src/stm32f0xx_hal_tim_ex.o
 .debug_line    0x000000000000b8f1     0x13ba Drivers/STM32F0xx_HAL_Driver/Src/stm32f0xx_hal_uart.o
 .debug_line    0x000000000000ccab      0x9b8 Drivers/STM32F0xx_HAL_Driver/Src/stm32f0xx_hal_uart_ex.o

.debug_str      0x0000000000000000    0x9337a
 .debug_str     0x0000000000000000    0x8caca Core/Src/adc.o
                                      0x8cdd1 (size before relaxing)
 .debug_str     0x000000000008caca       0x5a Core/Src/gpio.o
                                      0x8c9d5 (size before relaxing)
 .debug_str     0x000000000008cb24     0x3667 Core/Src/main.o
                                      0x90409 (size before relaxing)
 .debug_str     0x000000000009018b       0x2c Core/Src/stm32f0xx_hal_msp.o
                                      0x8c900 (size before relaxing)
 .debug_str     0x00000000000901b7      0x262 Core/Src/stm32f0xx_hal_timebase_tim.o
                                      0x8ce35 (size before relaxing)
 .debug_str     0x0000000000090419       0xc0 Core/Src/stm32f0xx_it.o
                                      0x8d025 (size before relaxing)
 .debug_str     0x00000000000904d9       0x5f Core/Src/system_stm32f0xx.o
                                      0x8c6a6 (size before relaxing)
 .debug_str     0x0000000000090538      0x1c9 Core/Src/tim.o
                                      0x8d072 (size before relaxing)
 .debug_str     0x0000000000090701       0x68 Core/Src/usart.o
                                      0x8cffd (size before relaxing)
 .debug_str     0x0000000000090769       0x36 Core/Startup/startup_stm32f042c6tx.o
                                         0x84 (size before relaxing)
 .debug_str     0x000000000009079f      0x2c6 Drivers/STM32F0xx_HAL_Driver/Src/stm32f0xx_hal.o
                                      0x8cbf4 (size before relaxing)
 .debug_str     0x0000000000090a65      0x37b Drivers/STM32F0xx_HAL_Driver/Src/stm32f0xx_hal_adc.o
                                      0x8cdd1 (size before relaxing)
 .debug_str     0x0000000000090de0      0x18d Drivers/STM32F0xx_HAL_Driver/Src/stm32f0xx_hal_cortex.o
                                      0x8ca84 (size before relaxing)
 .debug_str     0x0000000000090f6d      0x229 Drivers/STM32F0xx_HAL_Driver/Src/stm32f0xx_hal_dma.o
                                      0x8ca8a (size before relaxing)
 .debug_str     0x0000000000091196      0x1d8 Drivers/STM32F0xx_HAL_Driver/Src/stm32f0xx_hal_gpio.o
                                      0x8c942 (size before relaxing)
 .debug_str     0x000000000009136e      0x1f5 Drivers/STM32F0xx_HAL_Driver/Src/stm32f0xx_hal_rcc.o
                                      0x8cafa (size before relaxing)
 .debug_str     0x0000000000091563      0x2c1 Drivers/STM32F0xx_HAL_Driver/Src/stm32f0xx_hal_rcc_ex.o
                                      0x8cabc (size before relaxing)
 .debug_str     0x0000000000091824      0xcf2 Drivers/STM32F0xx_HAL_Driver/Src/stm32f0xx_hal_tim.o
                                      0x8daad (size before relaxing)
 .debug_str     0x0000000000092516      0x4d9 Drivers/STM32F0xx_HAL_Driver/Src/stm32f0xx_hal_tim_ex.o
                                      0x8d2d7 (size before relaxing)
 .debug_str     0x00000000000929ef      0x7fe Drivers/STM32F0xx_HAL_Driver/Src/stm32f0xx_hal_uart.o
                                      0x8d3dc (size before relaxing)
 .debug_str     0x00000000000931ed      0x18d Drivers/STM32F0xx_HAL_Driver/Src/stm32f0xx_hal_uart_ex.o
                                      0x8cce7 (size before relaxing)

.comment        0x0000000000000000       0x7b
 .comment       0x0000000000000000       0x7b Core/Src/adc.o
                                         0x7c (size before relaxing)
 .comment       0x000000000000007b       0x7c Core/Src/gpio.o
 .comment       0x000000000000007b       0x7c Core/Src/main.o
 .comment       0x000000000000007b       0x7c Core/Src/stm32f0xx_hal_msp.o
 .comment       0x000000000000007b       0x7c Core/Src/stm32f0xx_hal_timebase_tim.o
 .comment       0x000000000000007b       0x7c Core/Src/stm32f0xx_it.o
 .comment       0x000000000000007b       0x7c Core/Src/system_stm32f0xx.o
 .comment       0x000000000000007b       0x7c Core/Src/tim.o
 .comment       0x000000000000007b       0x7c Core/Src/usart.o
 .comment       0x000000000000007b       0x7c Drivers/STM32F0xx_HAL_Driver/Src/stm32f0xx_hal.o
 .comment       0x000000000000007b       0x7c Drivers/STM32F0xx_HAL_Driver/Src/stm32f0xx_hal_adc.o
 .comment       0x000000000000007b       0x7c Drivers/STM32F0xx_HAL_Driver/Src/stm32f0xx_hal_cortex.o
 .comment       0x000000000000007b       0x7c Drivers/STM32F0xx_HAL_Driver/Src/stm32f0xx_hal_dma.o
 .comment       0x000000000000007b       0x7c Drivers/STM32F0xx_HAL_Driver/Src/stm32f0xx_hal_gpio.o
 .comment       0x000000000000007b       0x7c Drivers/STM32F0xx_HAL_Driver/Src/stm32f0xx_hal_rcc.o
 .comment       0x000000000000007b       0x7c Drivers/STM32F0xx_HAL_Driver/Src/stm32f0xx_hal_rcc_ex.o
 .comment       0x000000000000007b       0x7c Drivers/STM32F0xx_HAL_Driver/Src/stm32f0xx_hal_tim.o
 .comment       0x000000000000007b       0x7c Drivers/STM32F0xx_HAL_Driver/Src/stm32f0xx_hal_tim_ex.o
 .comment       0x000000000000007b       0x7c Drivers/STM32F0xx_HAL_Driver/Src/stm32f0xx_hal_uart.o
 .comment       0x000000000000007b       0x7c Drivers/STM32F0xx_HAL_Driver/Src/stm32f0xx_hal_uart_ex.o

.debug_frame    0x0000000000000000     0x236c
 .debug_frame   0x0000000000000000       0x60 Core/Src/adc.o
 .debug_frame   0x0000000000000060       0x30 Core/Src/gpio.o
 .debug_frame   0x0000000000000090       0x9c Core/Src/main.o
 .debug_frame   0x000000000000012c       0x24 Core/Src/stm32f0xx_hal_msp.o
 .debug_frame   0x0000000000000150       0x4c Core/Src/stm32f0xx_hal_timebase_tim.o
 .debug_frame   0x000000000000019c       0x90 Core/Src/stm32f0xx_it.o
 .debug_frame   0x000000000000022c       0x3c Core/Src/system_stm32f0xx.o
 .debug_frame   0x0000000000000268       0x6c Core/Src/tim.o
 .debug_frame   0x00000000000002d4       0x5c Core/Src/usart.o
 .debug_frame   0x0000000000000330      0x1b4 Drivers/STM32F0xx_HAL_Driver/Src/stm32f0xx_hal.o
 .debug_frame   0x00000000000004e4      0x2d0 Drivers/STM32F0xx_HAL_Driver/Src/stm32f0xx_hal_adc.o
 .debug_frame   0x00000000000007b4       0xe4 Drivers/STM32F0xx_HAL_Driver/Src/stm32f0xx_hal_cortex.o
 .debug_frame   0x0000000000000898      0x158 Drivers/STM32F0xx_HAL_Driver/Src/stm32f0xx_hal_dma.o
 .debug_frame   0x00000000000009f0       0xbc Drivers/STM32F0xx_HAL_Driver/Src/stm32f0xx_hal_gpio.o
 .debug_frame   0x0000000000000aac      0x140 Drivers/STM32F0xx_HAL_Driver/Src/stm32f0xx_hal_rcc.o
 .debug_frame   0x0000000000000bec      0x108 Drivers/STM32F0xx_HAL_Driver/Src/stm32f0xx_hal_rcc_ex.o
 .debug_frame   0x0000000000000cf4      0xab0 Drivers/STM32F0xx_HAL_Driver/Src/stm32f0xx_hal_tim.o
 .debug_frame   0x00000000000017a4      0x424 Drivers/STM32F0xx_HAL_Driver/Src/stm32f0xx_hal_tim_ex.o
 .debug_frame   0x0000000000001bc8      0x608 Drivers/STM32F0xx_HAL_Driver/Src/stm32f0xx_hal_uart.o
 .debug_frame   0x00000000000021d0      0x108 Drivers/STM32F0xx_HAL_Driver/Src/stm32f0xx_hal_uart_ex.o
 .debug_frame   0x00000000000022d8       0x2c /opt/st/stm32cubeide_1.0.2/plugins/com.st.stm32cube.ide.mcu.externaltools.gnu-tools-for-stm32.7-2018-q2-update.linux64_1.5.0.202011040924/tools/bin/../lib/gcc/arm-none-eabi/7.3.1/../../../../arm-none-eabi/lib/thumb/v6-m/libc_nano.a(lib_a-init.o)
 .debug_frame   0x0000000000002304       0x28 /opt/st/stm32cubeide_1.0.2/plugins/com.st.stm32cube.ide.mcu.externaltools.gnu-tools-for-stm32.7-2018-q2-update.linux64_1.5.0.202011040924/tools/bin/../lib/gcc/arm-none-eabi/7.3.1/../../../../arm-none-eabi/lib/thumb/v6-m/libc_nano.a(lib_a-memcpy-stub.o)
 .debug_frame   0x000000000000232c       0x20 /opt/st/stm32cubeide_1.0.2/plugins/com.st.stm32cube.ide.mcu.externaltools.gnu-tools-for-stm32.7-2018-q2-update.linux64_1.5.0.202011040924/tools/bin/../lib/gcc/arm-none-eabi/7.3.1/../../../../arm-none-eabi/lib/thumb/v6-m/libc_nano.a(lib_a-memset.o)
 .debug_frame   0x000000000000234c       0x20 /opt/st/stm32cubeide_1.0.2/plugins/com.st.stm32cube.ide.mcu.externaltools.gnu-tools-for-stm32.7-2018-q2-update.linux64_1.5.0.202011040924/tools/bin/../lib/gcc/arm-none-eabi/7.3.1/thumb/v6-m/libgcc.a(_udivsi3.o)
